// Jest Snapshot v1, https://goo.gl/fbAQLP

exports[`expect to click CounterButton component 1`] = `
<button
  color="red"
  onClick={[Function]}
>
  ++
</button>
`;

exports[`expect to render CounterButton component 1`] = `
<button
  color="red"
  onClick={[Function]}
>
  ++
</button>
`;
